
> melora-tunes@1.0.0-beta.1 build
> next build

node.exe : [baseline-browser-mapping] The data in this module is over two 
months old.  To ensure accurate Baseline data, please update: `npm i 
baseline-browser-mapping@latest -D`
At line:1 char:1
+ & "C:\Program Files\nodejs/node.exe" "C:\Program Files\nodejs/node_mo ...
+ ~~~~~~~~~~~~~~~~~~~~~~~~~~~~~~~~~~~~~~~~~~~~~~~~~~~~~~~~~~~~~~~~~~~~~
    + CategoryInfo          : NotSpecified: ([baseline-brows...ping@latest  
   -D`:String) [], RemoteException
    + FullyQualifiedErrorId : NativeCommandError
 
   Γû▓ Next.js 16.0.3 (Turbopack)

   Creating an optimized production build ...
[baseline-browser-mapping] The data in this module is over two months old.  
To ensure accurate Baseline data, please update: `npm i 
baseline-browser-mapping@latest -D`
 Γ£ô Compiled successfully in 9.2s
   Running TypeScript ...
Failed to compile.

./competitors/Audion/src/lib/api/tauri.ts:9:31
Type error: Cannot find module '@tauri-apps/api/core' or its corresponding 
type declarations.

[0m [90m  7 |[39m
 [90m  8 |[39m [90m// Dynamic imports to avoid SSR issues[39m
[31m[1m>[22m[39m[90m  9 |[39m [36mlet[39m invokeFunc[33m:[39m 
[36mtypeof[39m 
[36mimport[39m([32m'@tauri-apps/api/core'[39m)[33m.[39minvoke 
[33m|[39m [36mnull[39m [33m=[39m [36mnull[39m[33m;[39m
 [90m    |[39m                               [31m[1m^[22m[39m
 [90m 10 |[39m [36mlet[39m openFunc[33m:[39m [36mtypeof[39m 
[36mimport[39m([32m'@tauri-apps/plugin-dialog'[39m)[33m.[39mopen 
[33m|[39m [36mnull[39m [33m=[39m [36mnull[39m[33m;[39m
 [90m 11 |[39m [36mlet[39m convertFileSrcFunc[33m:[39m 
[36mtypeof[39m 
[36mimport[39m([32m'@tauri-apps/api/core'[39m)[33m.[39mconvertFileSrc 
[33m|[39m [36mnull[39m [33m=[39m [36mnull[39m[33m;[39m
 [90m 12 |[39m[0m
Next.js build worker exited with code: 1 and signal: null
