
> melora-tunes@1.0.0-beta.1 build
> next build

   Γû▓ Next.js 16.0.3 (Turbopack)

   Creating an optimized production build ...
 Γ£ô Compiled successfully in 2.6s
   Running TypeScript ...
